#
# There is insufficient memory for the Java Runtime Environment to continue.
# Native memory allocation (malloc) failed to allocate 447408 bytes. Error detail: Chunk::new
# Possible reasons:
#   The system is out of physical RAM or swap space
#   This process is running with CompressedOops enabled, and the Java Heap may be blocking the growth of the native heap
# Possible solutions:
#   Reduce memory load on the system
#   Increase physical memory or swap space
#   Check if swap backing store is full
#   Decrease Java heap size (-Xmx/-Xms)
#   Decrease number of Java threads
#   Decrease Java thread stack sizes (-Xss)
#   Set larger code cache with -XX:ReservedCodeCacheSize=
#   JVM is running with Unscaled Compressed Oops mode in which the Java heap is
#     placed in the first 4GB address space. The Java Heap base address is the
#     maximum limit for the native heap growth. Please use -XX:HeapBaseMinAddress
#     to set the Java Heap base and to place the Java Heap above 4GB virtual address.
# This output file may be truncated or incomplete.
#
#  Out of Memory Error (arena.cpp:168), pid=21180, tid=3140
#
# JRE version: OpenJDK Runtime Environment Temurin-21.0.12.1+1 (21.0.12.1+1) (build 21.0.12.1+1-LTS)
# Java VM: OpenJDK 64-Bit Server VM Temurin-21.0.12.1+1 (21.0.12.1+1-LTS, mixed mode, sharing, tiered, compressed oops, compressed class ptrs, parallel gc, windows-amd64)
# No core dump will be written. Minidumps are not enabled by default on client versions of Windows
#

---------------  S U M M A R Y ------------

Command Line: --add-modules=ALL-SYSTEM --add-opens=java.base/java.util=ALL-UNNAMED --add-opens=java.base/java.lang=ALL-UNNAMED --add-opens=java.base/sun.nio.fs=ALL-UNNAMED -Declipse.application=org.eclipse.jdt.ls.core.id1 -Dosgi.bundles.defaultStartLevel=4 -Declipse.product=org.eclipse.jdt.ls.core.product -Djava.import.generatesMetadataFilesAtProjectRoot=false -Dm2e.project.cache.size=50 -DDetectVMInstallationsJob.disabled=true -Dfile.encoding=utf8 -XX:+UseParallelGC -XX:GCTimeRatio=4 -XX:AdaptiveSizePolicyWeight=90 -Dsun.zip.disableMemoryMapping=true -Xmx2G -Xms100m -Xlog:disable -javaagent:c:\Users\suear\.vscode\extensions\redhat.java-1.56.0-win32-x64\lombok\lombok-1.18.39-4050.jar -XX:+HeapDumpOnOutOfMemoryError -XX:HeapDumpPath=c:\Users\suear\AppData\Roaming\Code\User\workspaceStorage\1cb3008b04e7869570710aae6546fcfe\redhat.java -Daether.dependencyCollector.impl=bf c:\Users\suear\.vscode\extensions\redhat.java-1.56.0-win32-x64\server\plugins\org.eclipse.equinox.launcher_1.8.0.v20260804-1928.jar -configuration c:\Users\suear\AppData\Roaming\Code\User\globalStorage\redhat.java\1.56.0\config_win -data c:\Users\suear\AppData\Roaming\Code\User\workspaceStorage\1cb3008b04e7869570710aae6546fcfe\redhat.java\jdt_ws --stdio

Host: AMD Ryzen 5 PRO 5675U with Radeon Graphics     , 12 cores, 14G,  Windows 11 , 64 bit Build 26100 (10.0.26100.9444)
Time: Tue Sep 15 00:42:50 2026 Hora Padrão de Buenos Aires elapsed time: 62.405387 seconds (0d 0h 1m 2s)

---------------  T H R E A D  ---------------

Current thread (0x00000226f3eb4d00):  JavaThread "C2 CompilerThread0" daemon [_thread_in_native, id=3140, stack(0x0000006ad5900000,0x0000006ad5a00000) (1024K)]


Current CompileTask:
C2:62405 7592       4       java.io.ObjectStreamClass::getReflector (100 bytes)

Stack: [0x0000006ad5900000,0x0000006ad5a00000]
Native frames: (J=compiled Java code, j=interpreted, Vv=VM code, C=native code)
V  [jvm.dll+0x6d83e9]
V  [jvm.dll+0x8b5736]
V  [jvm.dll+0x8b7cee]
V  [jvm.dll+0x8b83d3]
V  [jvm.dll+0x284596]
V  [jvm.dll+0xc685d]
V  [jvm.dll+0xc6da1]
V  [jvm.dll+0x3bf18b]
V  [jvm.dll+0x38b6d2]
V  [jvm.dll+0x38ab1a]
V  [jvm.dll+0x24c700]
V  [jvm.dll+0x24bce0]
V  [jvm.dll+0x1cb4ae]
V  [jvm.dll+0x25baad]
V  [jvm.dll+0x25a03a]
V  [jvm.dll+0x3f8aae]
V  [jvm.dll+0x8600cd]
V  [jvm.dll+0x6d6c1d]
C  [ucrtbase.dll+0x2cd30]
C  [KERNEL32.DLL+0x2cd87]
C  [ntdll.dll+0xacaec]


---------------  P R O C E S S  ---------------

Threads class SMR info:
_java_thread_list=0x00000226fc8d51d0, length=42, elements={
0x00000226dc4f1450, 0x00000226f2f3a410, 0x00000226f2f3fb10, 0x00000226f2f48110,
0x00000226f2f49250, 0x00000226f3eb3fa0, 0x00000226f2f49eb0, 0x00000226f3eb4d00,
0x00000226f3ed0140, 0x00000226f40e48d0, 0x00000226f41e5ce0, 0x00000226f58944f0,
0x00000226fa064750, 0x00000226f5907500, 0x00000226fa0f4aa0, 0x00000226fa158900,
0x00000226fa124a80, 0x00000226f591eaf0, 0x00000226fabdc420, 0x00000226fabdd7d0,
0x00000226fabdcab0, 0x00000226fabdde60, 0x00000226fabde4f0, 0x00000226fabdb070,
0x00000226fabdb700, 0x00000226fabdbd90, 0x00000226fb8aa5a0, 0x00000226fb8aac30,
0x00000226fb8ab2c0, 0x00000226fb8a9f10, 0x00000226fb8ab950, 0x00000226fb8ac670,
0x00000226fb8acd00, 0x00000226fb8a9880, 0x00000226fb8ada20, 0x00000226fb8ae0b0,
0x00000226fb8ae740, 0x00000226fb8ad390, 0x00000226fb8af460, 0x00000226fb8afaf0,
0x00000226fb8b0180, 0x00000226f559d900
}

Java Threads: ( => current thread )
  0x00000226dc4f1450 JavaThread "main"                              [_thread_blocked, id=24100, stack(0x0000006ad4f00000,0x0000006ad5000000) (1024K)]
  0x00000226f2f3a410 JavaThread "Reference Handler"          daemon [_thread_blocked, id=24688, stack(0x0000006ad5300000,0x0000006ad5400000) (1024K)]
  0x00000226f2f3fb10 JavaThread "Finalizer"                  daemon [_thread_blocked, id=2268, stack(0x0000006ad5400000,0x0000006ad5500000) (1024K)]
  0x00000226f2f48110 JavaThread "Signal Dispatcher"          daemon [_thread_blocked, id=24376, stack(0x0000006ad5500000,0x0000006ad5600000) (1024K)]
  0x00000226f2f49250 JavaThread "Attach Listener"            daemon [_thread_blocked, id=19436, stack(0x0000006ad5600000,0x0000006ad5700000) (1024K)]
  0x00000226f3eb3fa0 JavaThread "Service Thread"             daemon [_thread_blocked, id=28052, stack(0x0000006ad5700000,0x0000006ad5800000) (1024K)]
  0x00000226f2f49eb0 JavaThread "Monitor Deflation Thread"   daemon [_thread_blocked, id=27812, stack(0x0000006ad5800000,0x0000006ad5900000) (1024K)]
=>0x00000226f3eb4d00 JavaThread "C2 CompilerThread0"         daemon [_thread_in_native, id=3140, stack(0x0000006ad5900000,0x0000006ad5a00000) (1024K)]
  0x00000226f3ed0140 JavaThread "C1 CompilerThread0"         daemon [_thread_blocked, id=21936, stack(0x0000006ad5a00000,0x0000006ad5b00000) (1024K)]
  0x00000226f40e48d0 JavaThread "Common-Cleaner"             daemon [_thread_blocked, id=22112, stack(0x0000006ad5b00000,0x0000006ad5c00000) (1024K)]
  0x00000226f41e5ce0 JavaThread "Notification Thread"        daemon [_thread_blocked, id=23404, stack(0x0000006ad5c00000,0x0000006ad5d00000) (1024K)]
  0x00000226f58944f0 JavaThread "Active Thread: Equinox Container: 1878443b-b295-4056-b538-b0c35e500353"        [_thread_blocked, id=26584, stack(0x0000006ad5d00000,0x0000006ad5e00000) (1024K)]
  0x00000226fa064750 JavaThread "Refresh Thread: Equinox Container: 1878443b-b295-4056-b538-b0c35e500353" daemon [_thread_blocked, id=27760, stack(0x0000006ad6600000,0x0000006ad6700000) (1024K)]
  0x00000226f5907500 JavaThread "Framework Event Dispatcher: Equinox Container: 1878443b-b295-4056-b538-b0c35e500353" daemon [_thread_blocked, id=28224, stack(0x0000006ad6700000,0x0000006ad6800000) (1024K)]
  0x00000226fa0f4aa0 JavaThread "Start Level: Equinox Container: 1878443b-b295-4056-b538-b0c35e500353" daemon [_thread_blocked, id=26460, stack(0x0000006ad6400000,0x0000006ad6500000) (1024K)]
  0x00000226fa158900 JavaThread "Bundle File Closer"         daemon [_thread_blocked, id=6036, stack(0x0000006ad6c00000,0x0000006ad6d00000) (1024K)]
  0x00000226fa124a80 JavaThread "SCR Component Actor"        daemon [_thread_blocked, id=26928, stack(0x0000006ad6800000,0x0000006ad6900000) (1024K)]
  0x00000226f591eaf0 JavaThread "Worker-JM"                         [_thread_blocked, id=24072, stack(0x0000006ad6e00000,0x0000006ad6f00000) (1024K)]
  0x00000226fabdc420 JavaThread "JNA Cleaner"                daemon [_thread_blocked, id=21608, stack(0x0000006ad6900000,0x0000006ad6a00000) (1024K)]
  0x00000226fabdd7d0 JavaThread "Worker-0"                          [_thread_blocked, id=22084, stack(0x0000006ad6d00000,0x0000006ad6e00000) (1024K)]
  0x00000226fabdcab0 JavaThread "Worker-1"                          [_thread_blocked, id=21688, stack(0x0000006ad6f00000,0x0000006ad7000000) (1024K)]
  0x00000226fabdde60 JavaThread "Worker-2: Initialize Workspace"        [_thread_blocked, id=21524, stack(0x0000006ad7000000,0x0000006ad7100000) (1024K)]
  0x00000226fabde4f0 JavaThread "Worker-3"                          [_thread_blocked, id=8480, stack(0x0000006ad7300000,0x0000006ad7400000) (1024K)]
  0x00000226fabdb070 JavaThread "Java indexing"              daemon [_thread_blocked, id=27120, stack(0x0000006ad7400000,0x0000006ad7500000) (1024K)]
  0x00000226fabdb700 JavaThread "Worker-4"                          [_thread_blocked, id=5260, stack(0x0000006ad7700000,0x0000006ad7800000) (1024K)]
  0x00000226fabdbd90 JavaThread "Worker-5"                          [_thread_blocked, id=11596, stack(0x0000006ad7800000,0x0000006ad7900000) (1024K)]
  0x00000226fb8aa5a0 JavaThread "pool-2-thread-1"                   [_thread_blocked, id=20928, stack(0x0000006ad7900000,0x0000006ad7a00000) (1024K)]
  0x00000226fb8aac30 JavaThread "Timer-0"                           [_thread_blocked, id=17288, stack(0x0000006ad7a00000,0x0000006ad7b00000) (1024K)]
  0x00000226fb8ab2c0 JavaThread "Timer-1"                           [_thread_blocked, id=23104, stack(0x0000006ad7b00000,0x0000006ad7c00000) (1024K)]
  0x00000226fb8a9f10 JavaThread "WorkspaceEventsHandler"            [_thread_blocked, id=19060, stack(0x0000006ad7c00000,0x0000006ad7d00000) (1024K)]
  0x00000226fb8ab950 JavaThread "pool-1-thread-1"                   [_thread_blocked, id=27712, stack(0x0000006ad7d00000,0x0000006ad7e00000) (1024K)]
  0x00000226fb8ac670 JavaThread "ProjectImportProgressReporter" daemon [_thread_blocked, id=23752, stack(0x0000006ad7f00000,0x0000006ad8000000) (1024K)]
  0x00000226fb8acd00 JavaThread "Timer-2"                           [_thread_blocked, id=27416, stack(0x0000006ad7100000,0x0000006ad7200000) (1024K)]
  0x00000226fb8a9880 JavaThread "Timer-3"                           [_thread_blocked, id=26780, stack(0x0000006ad7200000,0x0000006ad7300000) (1024K)]
  0x00000226fb8ada20 JavaThread "Timer-4"                           [_thread_blocked, id=26364, stack(0x0000006ad8100000,0x0000006ad8200000) (1024K)]
  0x00000226fb8ae0b0 JavaThread "Timer-5"                           [_thread_blocked, id=11136, stack(0x0000006ad7e00000,0x0000006ad7f00000) (1024K)]
  0x00000226fb8ae740 JavaThread "Timer-6"                           [_thread_blocked, id=4488, stack(0x0000006ad8200000,0x0000006ad8300000) (1024K)]
  0x00000226fb8ad390 JavaThread "Connection worker"                 [_thread_in_native, id=408, stack(0x0000006ad8300000,0x0000006ad8400000) (1024K)]
  0x00000226fb8af460 JavaThread "pool-3-thread-1"                   [_thread_blocked, id=24676, stack(0x0000006ad8400000,0x0000006ad8500000) (1024K)]
  0x00000226fb8afaf0 JavaThread "Exec process"                      [_thread_blocked, id=27060, stack(0x0000006ad8500000,0x0000006ad8600000) (1024K)]
  0x00000226fb8b0180 JavaThread "Exec process Thread 2"             [_thread_blocked, id=22592, stack(0x0000006ad8600000,0x0000006ad8700000) (1024K)]
  0x00000226f559d900 JavaThread "Exec process Thread 3"             [_thread_blocked, id=28460, stack(0x0000006ad8700000,0x0000006ad8800000) (1024K)]
Total: 42

Other Threads:
  0x00000226dc551bc0 VMThread "VM Thread"                           [id=11628, stack(0x0000006ad5200000,0x0000006ad5300000) (1024K)]
  0x00000226f2e6da20 WatcherThread "VM Periodic Task Thread"        [id=8492, stack(0x0000006ad5100000,0x0000006ad5200000) (1024K)]
  0x00000226dc5088b0 WorkerThread "GC Thread#0"                     [id=24316, stack(0x0000006ad5000000,0x0000006ad5100000) (1024K)]
  0x00000226f5468a60 WorkerThread "GC Thread#1"                     [id=3040, stack(0x0000006ad5e00000,0x0000006ad5f00000) (1024K)]
  0x00000226f58c29e0 WorkerThread "GC Thread#2"                     [id=25056, stack(0x0000006ad5f00000,0x0000006ad6000000) (1024K)]
  0x00000226f58c2d90 WorkerThread "GC Thread#3"                     [id=19504, stack(0x0000006ad6000000,0x0000006ad6100000) (1024K)]
  0x00000226f58c3140 WorkerThread "GC Thread#4"                     [id=5504, stack(0x0000006ad6100000,0x0000006ad6200000) (1024K)]
  0x00000226f58c34f0 WorkerThread "GC Thread#5"                     [id=21380, stack(0x0000006ad6200000,0x0000006ad6300000) (1024K)]
  0x00000226f58c38a0 WorkerThread "GC Thread#6"                     [id=8116, stack(0x0000006ad6300000,0x0000006ad6400000) (1024K)]
  0x00000226f56b0ef0 WorkerThread "GC Thread#7"                     [id=26764, stack(0x0000006ad6500000,0x0000006ad6600000) (1024K)]
  0x00000226fa3b32f0 WorkerThread "GC Thread#8"                     [id=18148, stack(0x0000006ad6a00000,0x0000006ad6b00000) (1024K)]
  0x00000226f58f8ae0 WorkerThread "GC Thread#9"                     [id=2264, stack(0x0000006ad6b00000,0x0000006ad6c00000) (1024K)]
Total: 12

Threads with active compile tasks:
C2 CompilerThread0  62592 7592       4       java.io.ObjectStreamClass::getReflector (100 bytes)
Total: 1

VM state: not at safepoint (normal execution)

VM Mutex/Monitor currently owned by a thread: None

Heap address: 0x0000000080000000, size: 2048 MB, Compressed Oops mode: 32-bit

CDS archive(s) mapped at: [0x0000022680000000-0x0000022680ba0000-0x0000022680ba0000), size 12189696, SharedBaseAddress: 0x0000022680000000, ArchiveRelocationMode: 1.
Compressed class space mapped at: 0x0000022681000000-0x00000226c1000000, reserved size: 1073741824
Narrow klass base: 0x0000022680000000, Narrow klass shift: 0, Narrow klass range: 0x100000000

GC Precious Log:
 CardTable entry size: 512
 CPUs: 12 total, 12 available
 Memory: 15150M
 Large Page Support: Disabled
 NUMA Support: Disabled
 Compressed Oops: Enabled (32-bit)
 Alignments: Space 512K, Generation 512K, Heap 2M
 Heap Min Capacity: 100M
 Heap Initial Capacity: 100M
 Heap Max Capacity: 2G
 Pre-touch: Disabled
 Parallel Workers: 10

Heap:
 PSYoungGen      total 15872K, used 11976K [0x00000000d5580000, 0x00000000d6780000, 0x0000000100000000)
  eden space 14848K, 75% used [0x00000000d5580000,0x00000000d60823f8,0x00000000d6400000)
  from space 1024K, 68% used [0x00000000d6680000,0x00000000d6730000,0x00000000d6780000)
  to   space 1536K, 0% used [0x00000000d6480000,0x00000000d6480000,0x00000000d6600000)
 ParOldGen       total 68608K, used 44344K [0x0000000080000000, 0x0000000084300000, 0x00000000d5580000)
  object space 68608K, 64% used [0x0000000080000000,0x0000000082b4e330,0x0000000084300000)
 Metaspace       used 64768K, committed 66176K, reserved 1114112K
  class space    used 8226K, committed 8832K, reserved 1048576K

Card table byte_map: [0x00000226dbe70000,0x00000226dc280000] _byte_map_base: 0x00000226dba70000

Marking Bits: (ParMarkBitMap*) 0x00007ffe90be44a0
 Begin Bits: [0x00000226ee950000, 0x00000226f0950000)
 End Bits:   [0x00000226f0950000, 0x00000226f2950000)

Polling page: 0x00000226dbc60000

Metaspace:

Usage:
  Non-class:     55.22 MB used.
      Class:      8.03 MB used.
       Both:     63.25 MB used.

Virtual space:
  Non-class space:       64.00 MB reserved,      56.00 MB ( 88%) committed,  1 nodes.
      Class space:        1.00 GB reserved,       8.62 MB ( <1%) committed,  1 nodes.
             Both:        1.06 GB reserved,      64.62 MB (  6%) committed. 

Chunk freelists:
   Non-Class:  7.98 MB
       Class:  7.41 MB
        Both:  15.39 MB

MaxMetaspaceSize: unlimited
CompressedClassSpaceSize: 1.00 GB
Initial GC threshold: 21.00 MB
Current GC threshold: 97.31 MB
CDS: on
 - commit_granule_bytes: 65536.
 - commit_granule_words: 8192.
 - virtual_space_node_default_size: 8388608.
 - enlarge_chunks_in_place: 1.
 - use_allocation_guard: 0.


Internal statistics:

num_allocs_failed_limit: 9.
num_arena_births: 1196.
num_arena_deaths: 36.
num_vsnodes_births: 2.
num_vsnodes_deaths: 0.
num_space_committed: 1034.
num_space_uncommitted: 0.
num_chunks_returned_to_freelist: 53.
num_chunks_taken_from_freelist: 4190.
num_chunk_merges: 14.
num_chunk_splits: 2613.
num_chunks_enlarged: 1497.
num_inconsistent_stats: 0.

CodeHeap 'non-profiled nmethods': size=120000Kb used=4612Kb max_used=4612Kb free=115388Kb
 bounds [0x00000226e7170000, 0x00000226e7600000, 0x00000226ee6a0000]
CodeHeap 'profiled nmethods': size=120000Kb used=13913Kb max_used=13913Kb free=106086Kb
 bounds [0x00000226df6a0000, 0x00000226e0440000, 0x00000226e6bd0000]
CodeHeap 'non-nmethods': size=5760Kb used=1382Kb max_used=1436Kb free=4377Kb
 bounds [0x00000226e6bd0000, 0x00000226e6e40000, 0x00000226e7170000]
CodeCache: size=245760Kb, used=19907Kb, max_used=19961Kb, free=225851Kb
 total_blobs=7597, nmethods=6912, adapters=591, full_count=0
Compilation: enabled, stopped_count=0, restarted_count=0

Compilation events (20 events):
Event: 61.280 Thread 0x00000226f3eb4d00 nmethod 7582 0x00000226e75e7710 code [0x00000226e75e7b40, 0x00000226e75ea558]
Event: 61.330 Thread 0x00000226f3eb4d00 7583       4       java.lang.String::regionMatches (183 bytes)
Event: 61.343 Thread 0x00000226f3eb4d00 nmethod 7583 0x00000226e75ec590 code [0x00000226e75ec760, 0x00000226e75ecc80]
Event: 61.343 Thread 0x00000226f3eb4d00 7584       4       java.util.stream.AbstractPipeline::evaluate (94 bytes)
Event: 61.347 Thread 0x00000226f3eb4d00 nmethod 7584 0x00000226e75ecf90 code [0x00000226e75ed140, 0x00000226e75ed338]
Event: 61.368 Thread 0x00000226f3eb4d00 7585       4       java.util.HashSet::add (20 bytes)
Event: 61.386 Thread 0x00000226f3ed0140 7586  s    3       org.gradle.tooling.internal.consumer.parameters.BuildProgressListenerAdapter::addDescriptor (59 bytes)
Event: 61.388 Thread 0x00000226f3ed0140 nmethod 7586 0x00000226e0434810 code [0x00000226e0434ac0, 0x00000226e0435b70]
Event: 61.388 Thread 0x00000226f3ed0140 7587       3       org.gradle.tooling.events.internal.DefaultStartEvent::<init> (9 bytes)
Event: 61.389 Thread 0x00000226f3ed0140 nmethod 7587 0x00000226e0436110 code [0x00000226e04362c0, 0x00000226e04364b8]
Event: 61.409 Thread 0x00000226f3eb4d00 nmethod 7585 0x00000226e75ed590 code [0x00000226e75ed840, 0x00000226e75ee778]
Event: 62.069 Thread 0x00000226f3eb4d00 7588       4       java.io.ObjectStreamClass$FieldReflectorKey::<init> (76 bytes)
Event: 62.087 Thread 0x00000226f3eb4d00 nmethod 7588 0x00000226e75ef110 code [0x00000226e75ef2c0, 0x00000226e75ef730]
Event: 62.088 Thread 0x00000226f3eb4d00 7589       4       java.io.ObjectStreamClass::computeFieldOffsets (308 bytes)
Event: 62.097 Thread 0x00000226f3eb4d00 nmethod 7589 0x00000226e75ef990 code [0x00000226e75efb40, 0x00000226e75efe30]
Event: 62.097 Thread 0x00000226f3eb4d00 7590       4       jdk.internal.misc.Unsafe::checkNativeAddress (28 bytes)
Event: 62.097 Thread 0x00000226f3eb4d00 nmethod 7590 0x00000226e75f0110 code [0x00000226e75f02a0, 0x00000226e75f0328]
Event: 62.130 Thread 0x00000226f3eb4d00 7591       4       org.eclipse.core.runtime.SubMonitor::isCanceled (20 bytes)
Event: 62.140 Thread 0x00000226f3eb4d00 nmethod 7591 0x00000226e75f0410 code [0x00000226e75f0640, 0x00000226e75f0a98]
Event: 62.316 Thread 0x00000226f3eb4d00 7592       4       java.io.ObjectStreamClass::getReflector (100 bytes)

GC Heap History (20 events):
Event: 30.776 GC heap before
{Heap before GC invocations=44 (full 3):
 PSYoungGen      total 15360K, used 15354K [0x00000000d5580000, 0x00000000d6880000, 0x0000000100000000)
  eden space 14848K, 100% used [0x00000000d5580000,0x00000000d6400000,0x00000000d6400000)
  from space 512K, 98% used [0x00000000d6800000,0x00000000d687e8f8,0x00000000d6880000)
  to   space 1024K, 0% used [0x00000000d6680000,0x00000000d6680000,0x00000000d6780000)
 ParOldGen       total 68608K, used 40411K [0x0000000080000000, 0x0000000084300000, 0x00000000d5580000)
  object space 68608K, 58% used [0x0000000080000000,0x0000000082776eb8,0x0000000084300000)
 Metaspace       used 60335K, committed 61632K, reserved 1114112K
  class space    used 7678K, committed 8256K, reserved 1048576K
}
Event: 30.777 GC heap after
{Heap after GC invocations=44 (full 3):
 PSYoungGen      total 15872K, used 288K [0x00000000d5580000, 0x00000000d6880000, 0x0000000100000000)
  eden space 14848K, 0% used [0x00000000d5580000,0x00000000d5580000,0x00000000d6400000)
  from space 1024K, 28% used [0x00000000d6680000,0x00000000d66c8000,0x00000000d6780000)
  to   space 1024K, 0% used [0x00000000d6780000,0x00000000d6780000,0x00000000d6880000)
 ParOldGen       total 68608K, used 40483K [0x0000000080000000, 0x0000000084300000, 0x00000000d5580000)
  object space 68608K, 59% used [0x0000000080000000,0x0000000082788ec8,0x0000000084300000)
 Metaspace       used 60335K, committed 61632K, reserved 1114112K
  class space    used 7678K, committed 8256K, reserved 1048576K
}
Event: 31.052 GC heap before
{Heap before GC invocations=45 (full 3):
 PSYoungGen      total 15872K, used 15136K [0x00000000d5580000, 0x00000000d6880000, 0x0000000100000000)
  eden space 14848K, 100% used [0x00000000d5580000,0x00000000d6400000,0x00000000d6400000)
  from space 1024K, 28% used [0x00000000d6680000,0x00000000d66c8000,0x00000000d6780000)
  to   space 1024K, 0% used [0x00000000d6780000,0x00000000d6780000,0x00000000d6880000)
 ParOldGen       total 68608K, used 40483K [0x0000000080000000, 0x0000000084300000, 0x00000000d5580000)
  object space 68608K, 59% used [0x0000000080000000,0x0000000082788ec8,0x0000000084300000)
 Metaspace       used 60335K, committed 61632K, reserved 1114112K
  class space    used 7678K, committed 8256K, reserved 1048576K
}
Event: 31.053 GC heap after
{Heap after GC invocations=45 (full 3):
 PSYoungGen      total 15872K, used 1013K [0x00000000d5580000, 0x00000000d6880000, 0x0000000100000000)
  eden space 14848K, 0% used [0x00000000d5580000,0x00000000d5580000,0x00000000d6400000)
  from space 1024K, 99% used [0x00000000d6780000,0x00000000d687d728,0x00000000d6880000)
  to   space 1536K, 0% used [0x00000000d6580000,0x00000000d6580000,0x00000000d6700000)
 ParOldGen       total 68608K, used 40695K [0x0000000080000000, 0x0000000084300000, 0x00000000d5580000)
  object space 68608K, 59% used [0x0000000080000000,0x00000000827bdc10,0x0000000084300000)
 Metaspace       used 60335K, committed 61632K, reserved 1114112K
  class space    used 7678K, committed 8256K, reserved 1048576K
}
Event: 31.337 GC heap before
{Heap before GC invocations=46 (full 3):
 PSYoungGen      total 15872K, used 15861K [0x00000000d5580000, 0x00000000d6880000, 0x0000000100000000)
  eden space 14848K, 100% used [0x00000000d5580000,0x00000000d6400000,0x00000000d6400000)
  from space 1024K, 99% used [0x00000000d6780000,0x00000000d687d728,0x00000000d6880000)
  to   space 1536K, 0% used [0x00000000d6580000,0x00000000d6580000,0x00000000d6700000)
 ParOldGen       total 68608K, used 40695K [0x0000000080000000, 0x0000000084300000, 0x00000000d5580000)
  object space 68608K, 59% used [0x0000000080000000,0x00000000827bdc10,0x0000000084300000)
 Metaspace       used 60335K, committed 61632K, reserved 1114112K
  class space    used 7678K, committed 8256K, reserved 1048576K
}
Event: 31.339 GC heap after
{Heap after GC invocations=46 (full 3):
 PSYoungGen      total 16384K, used 476K [0x00000000d5580000, 0x00000000d6800000, 0x0000000100000000)
  eden space 14848K, 0% used [0x00000000d5580000,0x00000000d5580000,0x00000000d6400000)
  from space 1536K, 31% used [0x00000000d6580000,0x00000000d65f73a0,0x00000000d6700000)
  to   space 1024K, 0% used [0x00000000d6700000,0x00000000d6700000,0x00000000d6800000)
 ParOldGen       total 68608K, used 40759K [0x0000000080000000, 0x0000000084300000, 0x00000000d5580000)
  object space 68608K, 59% used [0x0000000080000000,0x00000000827cdc10,0x0000000084300000)
 Metaspace       used 60335K, committed 61632K, reserved 1114112K
  class space    used 7678K, committed 8256K, reserved 1048576K
}
Event: 31.575 GC heap before
{Heap before GC invocations=47 (full 3):
 PSYoungGen      total 16384K, used 15324K [0x00000000d5580000, 0x00000000d6800000, 0x0000000100000000)
  eden space 14848K, 100% used [0x00000000d5580000,0x00000000d6400000,0x00000000d6400000)
  from space 1536K, 31% used [0x00000000d6580000,0x00000000d65f73a0,0x00000000d6700000)
  to   space 1024K, 0% used [0x00000000d6700000,0x00000000d6700000,0x00000000d6800000)
 ParOldGen       total 68608K, used 40759K [0x0000000080000000, 0x0000000084300000, 0x00000000d5580000)
  object space 68608K, 59% used [0x0000000080000000,0x00000000827cdc10,0x0000000084300000)
 Metaspace       used 60335K, committed 61632K, reserved 1114112K
  class space    used 7678K, committed 8256K, reserved 1048576K
}
Event: 31.577 GC heap after
{Heap after GC invocations=47 (full 3):
 PSYoungGen      total 15360K, used 372K [0x00000000d5580000, 0x00000000d6780000, 0x0000000100000000)
  eden space 14848K, 0% used [0x00000000d5580000,0x00000000d5580000,0x00000000d6400000)
  from space 512K, 72% used [0x00000000d6700000,0x00000000d675d2a0,0x00000000d6780000)
  to   space 512K, 0% used [0x00000000d6680000,0x00000000d6680000,0x00000000d6700000)
 ParOldGen       total 68608K, used 41186K [0x0000000080000000, 0x0000000084300000, 0x00000000d5580000)
  object space 68608K, 60% used [0x0000000080000000,0x0000000082838be0,0x0000000084300000)
 Metaspace       used 60335K, committed 61632K, reserved 1114112K
  class space    used 7678K, committed 8256K, reserved 1048576K
}
Event: 31.851 GC heap before
{Heap before GC invocations=48 (full 3):
 PSYoungGen      total 15360K, used 15220K [0x00000000d5580000, 0x00000000d6780000, 0x0000000100000000)
  eden space 14848K, 100% used [0x00000000d5580000,0x00000000d6400000,0x00000000d6400000)
  from space 512K, 72% used [0x00000000d6700000,0x00000000d675d2a0,0x00000000d6780000)
  to   space 512K, 0% used [0x00000000d6680000,0x00000000d6680000,0x00000000d6700000)
 ParOldGen       total 68608K, used 41186K [0x0000000080000000, 0x0000000084300000, 0x00000000d5580000)
  object space 68608K, 60% used [0x0000000080000000,0x0000000082838be0,0x0000000084300000)
 Metaspace       used 60335K, committed 61632K, reserved 1114112K
  class space    used 7678K, committed 8256K, reserved 1048576K
}
Event: 31.853 GC heap after
{Heap after GC invocations=48 (full 3):
 PSYoungGen      total 15360K, used 511K [0x00000000d5580000, 0x00000000d6800000, 0x0000000100000000)
  eden space 14848K, 0% used [0x00000000d5580000,0x00000000d5580000,0x00000000d6400000)
  from space 512K, 99% used [0x00000000d6680000,0x00000000d66fff68,0x00000000d6700000)
  to   space 1024K, 0% used [0x00000000d6700000,0x00000000d6700000,0x00000000d6800000)
 ParOldGen       total 68608K, used 42091K [0x0000000080000000, 0x0000000084300000, 0x00000000d5580000)
  object space 68608K, 61% used [0x0000000080000000,0x000000008291adb0,0x0000000084300000)
 Metaspace       used 60335K, committed 61632K, reserved 1114112K
  class space    used 7678K, committed 8256K, reserved 1048576K
}
Event: 32.142 GC heap before
{Heap before GC invocations=49 (full 3):
 PSYoungGen      total 15360K, used 15359K [0x00000000d5580000, 0x00000000d6800000, 0x0000000100000000)
  eden space 14848K, 100% used [0x00000000d5580000,0x00000000d6400000,0x00000000d6400000)
  from space 512K, 99% used [0x00000000d6680000,0x00000000d66fff68,0x00000000d6700000)
  to   space 1024K, 0% used [0x00000000d6700000,0x00000000d6700000,0x00000000d6800000)
 ParOldGen       total 68608K, used 42091K [0x0000000080000000, 0x0000000084300000, 0x00000000d5580000)
  object space 68608K, 61% used [0x0000000080000000,0x000000008291adb0,0x0000000084300000)
 Metaspace       used 60335K, committed 61632K, reserved 1114112K
  class space    used 7678K, committed 8256K, reserved 1048576K
}
Event: 32.143 GC heap after
{Heap after GC invocations=49 (full 3):
 PSYoungGen      total 15360K, used 320K [0x00000000d5580000, 0x00000000d6780000, 0x0000000100000000)
  eden space 14848K, 0% used [0x00000000d5580000,0x00000000d5580000,0x00000000d6400000)
  from space 512K, 62% used [0x00000000d6700000,0x00000000d6750000,0x00000000d6780000)
  to   space 1024K, 0% used [0x00000000d6580000,0x00000000d6580000,0x00000000d6680000)
 ParOldGen       total 68608K, used 42139K [0x0000000080000000, 0x0000000084300000, 0x00000000d5580000)
  object space 68608K, 61% used [0x0000000080000000,0x0000000082926db0,0x0000000084300000)
 Metaspace       used 60335K, committed 61632K, reserved 1114112K
  class space    used 7678K, committed 8256K, reserved 1048576K
}
Event: 32.406 GC heap before
{Heap before GC invocations=50 (full 3):
 PSYoungGen      total 15360K, used 15168K [0x00000000d5580000, 0x00000000d6780000, 0x0000000100000000)
  eden space 14848K, 100% used [0x00000000d5580000,0x00000000d6400000,0x00000000d6400000)
  from space 512K, 62% used [0x00000000d6700000,0x00000000d6750000,0x00000000d6780000)
  to   space 1024K, 0% used [0x00000000d6580000,0x00000000d6580000,0x00000000d6680000)
 ParOldGen       total 68608K, used 42139K [0x0000000080000000, 0x0000000084300000, 0x00000000d5580000)
  object space 68608K, 61% used [0x0000000080000000,0x0000000082926db0,0x0000000084300000)
 Metaspace       used 60335K, committed 61632K, reserved 1114112K
  class space    used 7678K, committed 8256K, reserved 1048576K
}
Event: 32.408 GC heap after
{Heap after GC invocations=50 (full 3):
 PSYoungGen      total 15872K, used 994K [0x00000000d5580000, 0x00000000d6780000, 0x0000000100000000)
  eden space 14848K, 0% used [0x00000000d5580000,0x00000000d5580000,0x00000000d6400000)
  from space 1024K, 97% used [0x00000000d6580000,0x00000000d6678b50,0x00000000d6680000)
  to   space 1024K, 0% used [0x00000000d6680000,0x00000000d6680000,0x00000000d6780000)
 ParOldGen       total 68608K, used 42336K [0x0000000080000000, 0x0000000084300000, 0x00000000d5580000)
  object space 68608K, 61% used [0x0000000080000000,0x00000000829581f8,0x0000000084300000)
 Metaspace       used 60335K, committed 61632K, reserved 1114112K
  class space    used 7678K, committed 8256K, reserved 1048576K
}
Event: 32.910 GC heap before
{Heap before GC invocations=51 (full 3):
 PSYoungGen      total 15872K, used 15842K [0x00000000d5580000, 0x00000000d6780000, 0x0000000100000000)
  eden space 14848K, 100% used [0x00000000d5580000,0x00000000d6400000,0x00000000d6400000)
  from space 1024K, 97% used [0x00000000d6580000,0x00000000d6678b50,0x00000000d6680000)
  to   space 1024K, 0% used [0x00000000d6680000,0x00000000d6680000,0x00000000d6780000)
 ParOldGen       total 68608K, used 42336K [0x0000000080000000, 0x0000000084300000, 0x00000000d5580000)
  object space 68608K, 61% used [0x0000000080000000,0x00000000829581f8,0x0000000084300000)
 Metaspace       used 61781K, committed 63104K, reserved 1114112K
  class space    used 7871K, committed 8448K, reserved 1048576K
}
Event: 32.912 GC heap after
{Heap after GC invocations=51 (full 3):
 PSYoungGen      total 15872K, used 528K [0x00000000d5580000, 0x00000000d6780000, 0x0000000100000000)
  eden space 14848K, 0% used [0x00000000d5580000,0x00000000d5580000,0x00000000d6400000)
  from space 1024K, 51% used [0x00000000d6680000,0x00000000d6704010,0x00000000d6780000)
  to   space 1024K, 0% used [0x00000000d6580000,0x00000000d6580000,0x00000000d6680000)
 ParOldGen       total 68608K, used 42408K [0x0000000080000000, 0x0000000084300000, 0x00000000d5580000)
  object space 68608K, 61% used [0x0000000080000000,0x000000008296a208,0x0000000084300000)
 Metaspace       used 61781K, committed 63104K, reserved 1114112K
  class space    used 7871K, committed 8448K, reserved 1048576K
}
Event: 33.964 GC heap before
{Heap before GC invocations=52 (full 3):
 PSYoungGen      total 15872K, used 15376K [0x00000000d5580000, 0x00000000d6780000, 0x0000000100000000)
  eden space 14848K, 100% used [0x00000000d5580000,0x00000000d6400000,0x00000000d6400000)
  from space 1024K, 51% used [0x00000000d6680000,0x00000000d6704010,0x00000000d6780000)
  to   space 1024K, 0% used [0x00000000d6580000,0x00000000d6580000,0x00000000d6680000)
 ParOldGen       total 68608K, used 42408K [0x0000000080000000, 0x0000000084300000, 0x00000000d5580000)
  object space 68608K, 61% used [0x0000000080000000,0x000000008296a208,0x0000000084300000)
 Metaspace       used 63297K, committed 64640K, reserved 1114112K
  class space    used 8074K, committed 8704K, reserved 1048576K
}
Event: 33.968 GC heap after
{Heap after GC invocations=52 (full 3):
 PSYoungGen      total 15872K, used 992K [0x00000000d5580000, 0x00000000d6900000, 0x0000000100000000)
  eden space 14848K, 0% used [0x00000000d5580000,0x00000000d5580000,0x00000000d6400000)
  from space 1024K, 96% used [0x00000000d6580000,0x00000000d6678020,0x00000000d6680000)
  to   space 2560K, 0% used [0x00000000d6680000,0x00000000d6680000,0x00000000d6900000)
 ParOldGen       total 68608K, used 43488K [0x0000000080000000, 0x0000000084300000, 0x00000000d5580000)
  object space 68608K, 63% used [0x0000000080000000,0x0000000082a78258,0x0000000084300000)
 Metaspace       used 63297K, committed 64640K, reserved 1114112K
  class space    used 8074K, committed 8704K, reserved 1048576K
}
Event: 55.275 GC heap before
{Heap before GC invocations=53 (full 3):
 PSYoungGen      total 15872K, used 15839K [0x00000000d5580000, 0x00000000d6900000, 0x0000000100000000)
  eden space 14848K, 99% used [0x00000000d5580000,0x00000000d63fffb8,0x00000000d6400000)
  from space 1024K, 96% used [0x00000000d6580000,0x00000000d6678020,0x00000000d6680000)
  to   space 2560K, 0% used [0x00000000d6680000,0x00000000d6680000,0x00000000d6900000)
 ParOldGen       total 68608K, used 43488K [0x0000000080000000, 0x0000000084300000, 0x00000000d5580000)
  object space 68608K, 63% used [0x0000000080000000,0x0000000082a78258,0x0000000084300000)
 Metaspace       used 64617K, committed 65984K, reserved 1114112K
  class space    used 8226K, committed 8832K, reserved 1048576K
}
Event: 55.278 GC heap after
{Heap after GC invocations=53 (full 3):
 PSYoungGen      total 15872K, used 704K [0x00000000d5580000, 0x00000000d6780000, 0x0000000100000000)
  eden space 14848K, 0% used [0x00000000d5580000,0x00000000d5580000,0x00000000d6400000)
  from space 1024K, 68% used [0x00000000d6680000,0x00000000d6730000,0x00000000d6780000)
  to   space 1536K, 0% used [0x00000000d6480000,0x00000000d6480000,0x00000000d6600000)
 ParOldGen       total 68608K, used 44344K [0x0000000080000000, 0x0000000084300000, 0x00000000d5580000)
  object space 68608K, 64% used [0x0000000080000000,0x0000000082b4e330,0x0000000084300000)
 Metaspace       used 64617K, committed 65984K, reserved 1114112K
  class space    used 8226K, committed 8832K, reserved 1048576K
}

Dll operation events (20 events):
Event: 0.360 Attempting to load shared library C:\Users\suear\.vscode\extensions\redhat.java-1.56.0-win32-x64\jre\21.0.12.1-win32-x86_64\bin\zip.dll
Event: 0.360 Loaded shared library C:\Users\suear\.vscode\extensions\redhat.java-1.56.0-win32-x64\jre\21.0.12.1-win32-x86_64\bin\zip.dll
Event: 0.408 Attempting to load shared library C:\Users\suear\.vscode\extensions\redhat.java-1.56.0-win32-x64\jre\21.0.12.1-win32-x86_64\bin\jimage.dll
Event: 0.408 Loaded shared library C:\Users\suear\.vscode\extensions\redhat.java-1.56.0-win32-x64\jre\21.0.12.1-win32-x86_64\bin\jimage.dll
Event: 0.625 Attempting to load shared library c:\Users\suear\.vscode\extensions\redhat.java-1.56.0-win32-x64\jre\21.0.12.1-win32-x86_64\bin\verify.dll
Event: 0.627 Loaded shared library c:\Users\suear\.vscode\extensions\redhat.java-1.56.0-win32-x64\jre\21.0.12.1-win32-x86_64\bin\verify.dll
Event: 4.412 Attempting to load shared library C:\Users\suear\AppData\Roaming\Code\User\globalStorage\redhat.java\1.56.0\config_win\org.eclipse.equinox.launcher\org.eclipse.equinox.launcher.win32.win32.x86_64_1.3.100.v20260804-1928\eclipse_11924.dll
Event: 4.417 Loaded shared library C:\Users\suear\AppData\Roaming\Code\User\globalStorage\redhat.java\1.56.0\config_win\org.eclipse.equinox.launcher\org.eclipse.equinox.launcher.win32.win32.x86_64_1.3.100.v20260804-1928\eclipse_11924.dll
Event: 9.406 Attempting to load shared library C:\Users\suear\AppData\Local\Temp\jna-109790644\jna3549192280641008088.dll
Event: 9.552 Loaded shared library C:\Users\suear\AppData\Local\Temp\jna-109790644\jna3549192280641008088.dll
Event: 17.620 Attempting to load shared library C:\Users\suear\.gradle\native\660c5614fbf4a5f2a75b1949f50a0caf5cd603558e7d8a26e50b933a0cfb79d1\windows-amd64\native-platform.dll
Event: 17.629 Loaded shared library C:\Users\suear\.gradle\native\660c5614fbf4a5f2a75b1949f50a0caf5cd603558e7d8a26e50b933a0cfb79d1\windows-amd64\native-platform.dll
Event: 24.315 Attempting to load shared library C:\Users\suear\.vscode\extensions\redhat.java-1.56.0-win32-x64\jre\21.0.12.1-win32-x86_64\bin\management.dll
Event: 24.317 Loaded shared library C:\Users\suear\.vscode\extensions\redhat.java-1.56.0-win32-x64\jre\21.0.12.1-win32-x86_64\bin\management.dll
Event: 24.355 Attempting to load shared library C:\Users\suear\.vscode\extensions\redhat.java-1.56.0-win32-x64\jre\21.0.12.1-win32-x86_64\bin\management_ext.dll
Event: 24.357 Loaded shared library C:\Users\suear\.vscode\extensions\redhat.java-1.56.0-win32-x64\jre\21.0.12.1-win32-x86_64\bin\management_ext.dll
Event: 32.719 Attempting to load shared library C:\Users\suear\.vscode\extensions\redhat.java-1.56.0-win32-x64\jre\21.0.12.1-win32-x86_64\bin\extnet.dll
Event: 32.721 Loaded shared library C:\Users\suear\.vscode\extensions\redhat.java-1.56.0-win32-x64\jre\21.0.12.1-win32-x86_64\bin\extnet.dll
Event: 40.752 Attempting to load shared library C:\Users\suear\.vscode\extensions\redhat.java-1.56.0-win32-x64\jre\21.0.12.1-win32-x86_64\bin\sunmscapi.dll
Event: 40.759 Loaded shared library C:\Users\suear\.vscode\extensions\redhat.java-1.56.0-win32-x64\jre\21.0.12.1-win32-x86_64\bin\sunmscapi.dll

Deoptimization events (20 events):
Event: 53.720 Thread 0x00000226fb8ad390 Uncommon trap: trap_request=0xffffffc6 fr.pc=0x00000226e73f7cf4 relative=0x0000000000000774
Event: 53.720 Thread 0x00000226fb8ad390 Uncommon trap: reason=bimorphic_or_optimized_type_check action=maybe_recompile pc=0x00000226e73f7cf4 method=java.util.concurrent.ConcurrentHashMap.replaceNode(Ljava/lang/Object;Ljava/lang/Object;Ljava/lang/Object;)Ljava/lang/Object; @ 147 c2
Event: 53.720 Thread 0x00000226fb8ad390 DEOPT PACKING pc=0x00000226e73f7cf4 sp=0x0000006ad83fe3b0
Event: 53.721 Thread 0x00000226fb8ad390 DEOPT UNPACKING pc=0x00000226e6c23aa2 sp=0x0000006ad83fe328 mode 2
Event: 55.834 Thread 0x00000226fb8ad390 Uncommon trap: trap_request=0xffffff45 fr.pc=0x00000226e75ba60c relative=0x00000000000003ac
Event: 55.834 Thread 0x00000226fb8ad390 Uncommon trap: reason=unstable_if action=reinterpret pc=0x00000226e75ba60c method=com.esotericsoftware.kryo.io.Input.read([BII)I @ 64 c2
Event: 55.834 Thread 0x00000226fb8ad390 DEOPT PACKING pc=0x00000226e75ba60c sp=0x0000006ad83fd000
Event: 55.834 Thread 0x00000226fb8ad390 DEOPT UNPACKING pc=0x00000226e6c23aa2 sp=0x0000006ad83fcdd8 mode 2
Event: 55.836 Thread 0x00000226fb8ad390 Uncommon trap: trap_request=0xffffff45 fr.pc=0x00000226e75b9518 relative=0x00000000000002b8
Event: 55.836 Thread 0x00000226fb8ad390 Uncommon trap: reason=unstable_if action=reinterpret pc=0x00000226e75b9518 method=com.esotericsoftware.kryo.io.Input.read([BII)I @ 64 c2
Event: 55.836 Thread 0x00000226fb8ad390 DEOPT PACKING pc=0x00000226e75b9518 sp=0x0000006ad83fd700
Event: 55.836 Thread 0x00000226fb8ad390 DEOPT UNPACKING pc=0x00000226e6c23aa2 sp=0x0000006ad83fd550 mode 2
Event: 56.125 Thread 0x00000226fb8ad390 Uncommon trap: trap_request=0xffffff45 fr.pc=0x00000226e75b9dc4 relative=0x0000000000000184
Event: 56.125 Thread 0x00000226fb8ad390 Uncommon trap: reason=unstable_if action=reinterpret pc=0x00000226e75b9dc4 method=com.esotericsoftware.kryo.io.Input.read([BII)I @ 64 c2
Event: 56.125 Thread 0x00000226fb8ad390 DEOPT PACKING pc=0x00000226e75b9dc4 sp=0x0000006ad83fcf50
Event: 56.125 Thread 0x00000226fb8ad390 DEOPT UNPACKING pc=0x00000226e6c23aa2 sp=0x0000006ad83fce10 mode 2
Event: 56.127 Thread 0x00000226fb8ad390 Uncommon trap: trap_request=0xffffff45 fr.pc=0x00000226e75b7254 relative=0x0000000000000134
Event: 56.127 Thread 0x00000226fb8ad390 Uncommon trap: reason=unstable_if action=reinterpret pc=0x00000226e75b7254 method=com.esotericsoftware.kryo.io.Input.read([BII)I @ 64 c2
Event: 56.127 Thread 0x00000226fb8ad390 DEOPT PACKING pc=0x00000226e75b7254 sp=0x0000006ad83fd6b0
Event: 56.127 Thread 0x00000226fb8ad390 DEOPT UNPACKING pc=0x00000226e6c23aa2 sp=0x0000006ad83fd5e8 mode 2

Classes loaded (20 events):
Event: 40.907 Loading class java/nio/channels/spi/AbstractSelectionKey done
Event: 40.907 Loading class sun/nio/ch/SelectionKeyImpl done
Event: 40.908 Loading class java/lang/invoke/ConstantBootstraps
Event: 40.909 Loading class java/lang/invoke/ConstantBootstraps done
Event: 40.938 Loading class java/io/ObjectStreamClass$1
Event: 40.938 Loading class java/io/ObjectStreamClass$1 done
Event: 40.939 Loading class java/io/ObjectStreamClass$MemberSignature
Event: 40.939 Loading class java/io/ObjectStreamClass$MemberSignature done
Event: 40.940 Loading class java/io/ObjectStreamClass$3
Event: 40.941 Loading class java/io/ObjectStreamClass$3 done
Event: 40.941 Loading class java/io/ObjectStreamClass$4
Event: 40.941 Loading class java/io/ObjectStreamClass$4 done
Event: 40.942 Loading class java/io/ObjectStreamClass$5
Event: 40.942 Loading class java/io/ObjectStreamClass$5 done
Event: 40.974 Loading class java/nio/channels/spi/AbstractSelector$1
Event: 40.974 Loading class java/nio/channels/spi/AbstractSelector$1 done
Event: 41.744 Loading class java/util/concurrent/Executors$AutoShutdownDelegatedExecutorService
Event: 41.744 Loading class java/util/concurrent/Executors$AutoShutdownDelegatedExecutorService done
Event: 44.096 Loading class java/lang/UnsupportedClassVersionError
Event: 44.096 Loading class java/lang/UnsupportedClassVersionError done

Classes unloaded (18 events):
Event: 10.773 Thread 0x00000226dc551bc0 Unloading class 0x00000226811a4000 'java/lang/invoke/LambdaForm$MH+0x00000226811a4000'
Event: 10.773 Thread 0x00000226dc551bc0 Unloading class 0x00000226811a3c00 'java/lang/invoke/LambdaForm$MH+0x00000226811a3c00'
Event: 10.773 Thread 0x00000226dc551bc0 Unloading class 0x00000226811a3800 'java/lang/invoke/LambdaForm$MH+0x00000226811a3800'
Event: 10.773 Thread 0x00000226dc551bc0 Unloading class 0x00000226811a3400 'java/lang/invoke/LambdaForm$MH+0x00000226811a3400'
Event: 10.773 Thread 0x00000226dc551bc0 Unloading class 0x00000226811a3000 'java/lang/invoke/LambdaForm$BMH+0x00000226811a3000'
Event: 10.773 Thread 0x00000226dc551bc0 Unloading class 0x00000226811a2c00 'java/lang/invoke/LambdaForm$DMH+0x00000226811a2c00'
Event: 10.773 Thread 0x00000226dc551bc0 Unloading class 0x00000226811a1800 'java/lang/invoke/LambdaForm$DMH+0x00000226811a1800'
Event: 13.167 Thread 0x00000226dc551bc0 Unloading class 0x0000022681315000 'java/lang/invoke/LambdaForm$MH+0x0000022681315000'
Event: 13.167 Thread 0x00000226dc551bc0 Unloading class 0x0000022681314800 'java/lang/invoke/LambdaForm$MH+0x0000022681314800'
Event: 13.167 Thread 0x00000226dc551bc0 Unloading class 0x0000022681314000 'java/lang/invoke/LambdaForm$MH+0x0000022681314000'
Event: 13.167 Thread 0x00000226dc551bc0 Unloading class 0x0000022681313800 'java/lang/invoke/LambdaForm$MH+0x0000022681313800'
Event: 13.167 Thread 0x00000226dc551bc0 Unloading class 0x0000022681313400 'java/lang/invoke/LambdaForm$DMH+0x0000022681313400'
Event: 13.167 Thread 0x00000226dc551bc0 Unloading class 0x0000022681312800 'java/lang/invoke/LambdaForm$MH+0x0000022681312800'
Event: 13.167 Thread 0x00000226dc551bc0 Unloading class 0x000002268130e800 'java/lang/invoke/LambdaForm$MH+0x000002268130e800'
Event: 13.167 Thread 0x00000226dc551bc0 Unloading class 0x000002268130e400 'java/lang/invoke/LambdaForm$MH+0x000002268130e400'
Event: 13.167 Thread 0x00000226dc551bc0 Unloading class 0x000002268130d000 'java/lang/invoke/LambdaForm$MH+0x000002268130d000'
Event: 13.167 Thread 0x00000226dc551bc0 Unloading class 0x000002268130c800 'java/lang/invoke/LambdaForm$MH+0x000002268130c800'
Event: 13.167 Thread 0x00000226dc551bc0 Unloading class 0x000002268130c400 'java/lang/invoke/LambdaForm$MH+0x000002268130c400'

Classes redefined (0 events):
No events

Internal exceptions (20 events):
Event: 33.339 Thread 0x00000226fb8afaf0 Exception <a 'java/lang/NoSuchMethodError'{0x00000000d60ad468}: 'void java.lang.invoke.DirectMethodHandle$Holder.invokeStatic(java.lang.Object, long)'> (0x00000000d60ad468) 
thrown [s\src\hotspot\share\interpreter\linkResolver.cpp, line 773]
Event: 33.961 Thread 0x00000226fb8afaf0 Exception <a 'java/lang/NoSuchMethodError'{0x00000000d60d1e50}: 'void java.lang.invoke.DirectMethodHandle$Holder.invokeSpecial(java.lang.Object, java.lang.Object, int)'> (0x00000000d60d1e50) 
thrown [s\src\hotspot\share\interpreter\linkResolver.cpp, line 773]
Event: 33.962 Thread 0x00000226fb8afaf0 Exception <a 'java/lang/NoSuchMethodError'{0x00000000d60d7278}: 'java.lang.Object java.lang.invoke.DirectMethodHandle$Holder.newInvokeSpecial(java.lang.Object, java.lang.Object, int)'> (0x00000000d60d7278) 
thrown [s\src\hotspot\share\interpreter\linkResolver.cpp, line 773]
Event: 40.924 Thread 0x00000226fb8ad390 Exception <a 'java/lang/NoSuchMethodError'{0x00000000d5f3b740}: 'void java.lang.invoke.DirectMethodHandle$Holder.invokeInterface(java.lang.Object, java.lang.Object, java.lang.Object, java.lang.Object)'> (0x00000000d5f3b740) 
thrown [s\src\hotspot\share\interpreter\linkResolver.cpp, line 773]
Event: 40.938 Thread 0x00000226fb8ad390 Implicit null exception at 0x00000226e7582186 to 0x00000226e7582a94
Event: 40.941 Thread 0x00000226fb8ad390 Exception <a 'java/lang/NoSuchMethodError'{0x00000000d5f7e178}: static Lorg/gradle/tooling/internal/provider/serialization/ClassLoaderDetails;.<clinit>()V> (0x00000000d5f7e178) 
thrown [s\src\hotspot\share\prims\jni.cpp, line 1111]
Event: 40.946 Thread 0x00000226fb8ad390 Exception <a 'java/lang/NoSuchMethodError'{0x00000000d5fa1738}: static Lorg/gradle/tooling/internal/provider/serialization/WellKnownClassLoaderRegistry$KnownClassLoaderSpec;.<clinit>()V> (0x00000000d5fa1738) 
thrown [s\src\hotspot\share\prims\jni.cpp, line 1111]
Event: 40.946 Thread 0x00000226fb8ad390 Exception <a 'java/lang/NoSuchMethodError'{0x00000000d5fa3090}: static Lorg/gradle/internal/classloader/ClassLoaderSpec;.<clinit>()V> (0x00000000d5fa3090) 
thrown [s\src\hotspot\share\prims\jni.cpp, line 1111]
Event: 40.950 Thread 0x00000226fb8ad390 Exception <a 'java/lang/NoSuchMethodError'{0x00000000d5fc3fb0}: static Lorg/gradle/tooling/internal/provider/serialization/ClientOwnedClassLoaderSpec;.<clinit>()V> (0x00000000d5fc3fb0) 
thrown [s\src\hotspot\share\prims\jni.cpp, line 1111]
Event: 40.962 Thread 0x00000226fb8ad390 Exception <a 'java/lang/NoSuchMethodError'{0x00000000d600a378}: static [Ljava/lang/Object;.<clinit>()V> (0x00000000d600a378) 
thrown [s\src\hotspot\share\prims\jni.cpp, line 1111]
Event: 44.101 Thread 0x00000226fb8ad390 Exception <a 'java/lang/NoSuchMethodError'{0x00000000d60a5368}: static Lorg/gradle/internal/build/event/types/AbstractProgressEvent;.<clinit>()V> (0x00000000d60a5368) 
thrown [s\src\hotspot\share\prims\jni.cpp, line 1111]
Event: 44.102 Thread 0x00000226fb8ad390 Exception <a 'java/lang/NoSuchMethodError'{0x00000000d60b30d0}: static Lorg/gradle/internal/build/event/types/DefaultOperationStartedProgressEvent;.<clinit>()V> (0x00000000d60b30d0) 
thrown [s\src\hotspot\share\prims\jni.cpp, line 1111]
Event: 44.105 Thread 0x00000226fb8ad390 Exception <a 'java/lang/NoSuchMethodError'{0x00000000d60c91a0}: static Lorg/gradle/internal/build/event/types/DefaultOperationDescriptor;.<clinit>()V> (0x00000000d60c91a0) 
thrown [s\src\hotspot\share\prims\jni.cpp, line 1111]
Event: 44.107 Thread 0x00000226fb8ad390 Exception <a 'java/lang/NoSuchMethodError'{0x00000000d60d7ab0}: static Lorg/gradle/internal/operations/OperationIdentifier;.<clinit>()V> (0x00000000d60d7ab0) 
thrown [s\src\hotspot\share\prims\jni.cpp, line 1111]
Event: 46.354 Thread 0x00000226fb8ad390 Exception <a 'java/lang/NoSuchMethodError'{0x00000000d614bd58}: static Lorg/gradle/internal/build/event/types/DefaultOperationFinishedProgressEvent;.<clinit>()V> (0x00000000d614bd58) 
thrown [s\src\hotspot\share\prims\jni.cpp, line 1111]
Event: 46.358 Thread 0x00000226fb8ad390 Exception <a 'java/lang/NoSuchMethodError'{0x00000000d61627d8}: static Lorg/gradle/internal/build/event/types/AbstractResult;.<clinit>()V> (0x00000000d61627d8) 
thrown [s\src\hotspot\share\prims\jni.cpp, line 1111]
Event: 46.360 Thread 0x00000226fb8ad390 Exception <a 'java/lang/NoSuchMethodError'{0x00000000d61702e0}: static Lorg/gradle/internal/build/event/types/AbstractOperationResult;.<clinit>()V> (0x00000000d61702e0) 
thrown [s\src\hotspot\share\prims\jni.cpp, line 1111]
Event: 46.362 Thread 0x00000226fb8ad390 Exception <a 'java/lang/NoSuchMethodError'{0x00000000d617e3b0}: static Lorg/gradle/internal/build/event/types/DefaultSuccessResult;.<clinit>()V> (0x00000000d617e3b0) 
thrown [s\src\hotspot\share\prims\jni.cpp, line 1111]
Event: 53.421 Thread 0x00000226fb8ad390 Exception <a 'java/lang/NoSuchMethodError'{0x00000000d627f1d0}: static Lorg/gradle/internal/build/event/types/DefaultBuildPhaseDescriptor;.<clinit>()V> (0x00000000d627f1d0) 
thrown [s\src\hotspot\share\prims\jni.cpp, line 1111]
Event: 54.256 Thread 0x00000226fb8ad390 Exception <a 'java/lang/NoSuchMethodError'{0x00000000d631edf8}: static Lorg/gradle/internal/build/event/types/DefaultProjectConfigurationDescriptor;.<clinit>()V> (0x00000000d631edf8) 
thrown [s\src\hotspot\share\prims\jni.cpp, line 1111]

ZGC Phase Switch (0 events):
No events

VM Operations (20 events):
Event: 51.715 Executing safepoint VM operation: Cleanup
Event: 51.715 Executing safepoint VM operation: Cleanup done
Event: 53.715 Executing safepoint VM operation: Cleanup
Event: 53.715 Executing safepoint VM operation: Cleanup done
Event: 55.274 Executing safepoint VM operation: ParallelGCFailedAllocation (Allocation Failure)
Event: 55.278 Executing safepoint VM operation: ParallelGCFailedAllocation (Allocation Failure) done
Event: 56.278 Executing safepoint VM operation: Cleanup
Event: 56.278 Executing safepoint VM operation: Cleanup done
Event: 57.283 Executing safepoint VM operation: Cleanup
Event: 57.283 Executing safepoint VM operation: Cleanup done
Event: 58.284 Executing safepoint VM operation: Cleanup
Event: 58.284 Executing safepoint VM operation: Cleanup done
Event: 60.271 Executing non-safepoint VM operation: HandshakeAllThreads (HandshakeForDeflation)
Event: 60.271 Executing non-safepoint VM operation: HandshakeAllThreads (HandshakeForDeflation) done
Event: 60.271 Executing safepoint VM operation: Cleanup
Event: 60.271 Executing safepoint VM operation: Cleanup done
Event: 60.271 Executing non-safepoint VM operation: RendezvousGCThreads
Event: 60.271 Executing non-safepoint VM operation: RendezvousGCThreads done
Event: 62.272 Executing safepoint VM operation: Cleanup
Event: 62.272 Executing safepoint VM operation: Cleanup done

Memory protections (0 events):
No events

Nmethod flushes (20 events):
Event: 27.095 Thread 0x00000226dc551bc0 flushing  nmethod 0x00000226dfef7390
Event: 27.095 Thread 0x00000226dc551bc0 flushing  nmethod 0x00000226dfefc310
Event: 27.095 Thread 0x00000226dc551bc0 flushing  nmethod 0x00000226dff02810
Event: 27.095 Thread 0x00000226dc551bc0 flushing  nmethod 0x00000226dff03310
Event: 27.095 Thread 0x00000226dc551bc0 flushing  nmethod 0x00000226dff03690
Event: 27.095 Thread 0x00000226dc551bc0 flushing  nmethod 0x00000226dff03b10
Event: 27.095 Thread 0x00000226dc551bc0 flushing  nmethod 0x00000226dff04010
Event: 27.095 Thread 0x00000226dc551bc0 flushing  nmethod 0x00000226dff04710
Event: 27.095 Thread 0x00000226dc551bc0 flushing  nmethod 0x00000226dff04b10
Event: 27.095 Thread 0x00000226dc551bc0 flushing  nmethod 0x00000226dff04e90
Event: 27.095 Thread 0x00000226dc551bc0 flushing  nmethod 0x00000226dff05410
Event: 27.095 Thread 0x00000226dc551bc0 flushing  nmethod 0x00000226dff05810
Event: 27.095 Thread 0x00000226dc551bc0 flushing  nmethod 0x00000226dff06310
Event: 27.095 Thread 0x00000226dc551bc0 flushing  nmethod 0x00000226dff06690
Event: 27.095 Thread 0x00000226dc551bc0 flushing  nmethod 0x00000226dff0fe90
Event: 27.095 Thread 0x00000226dc551bc0 flushing  nmethod 0x00000226dff10490
Event: 27.095 Thread 0x00000226dc551bc0 flushing  nmethod 0x00000226dff14890
Event: 27.095 Thread 0x00000226dc551bc0 flushing  nmethod 0x00000226dff1aa10
Event: 27.095 Thread 0x00000226dc551bc0 flushing  nmethod 0x00000226dff68c10
Event: 27.095 Thread 0x00000226dc551bc0 flushing  nmethod 0x00000226dff72910

Events (20 events):
Event: 28.134 Thread 0x00000226f3ed0140 Thread added: 0x00000226fda05a70
Event: 28.448 Thread 0x00000226fda05a70 Thread exited: 0x00000226fda05a70
Event: 30.969 Thread 0x00000226f3ed0140 Thread added: 0x00000226fda05a70
Event: 31.660 Thread 0x00000226f3eb4d00 Thread added: 0x00000226fcf68130
Event: 32.513 Thread 0x00000226fcf68130 Thread exited: 0x00000226fcf68130
Event: 33.046 Thread 0x00000226fb8ad390 Thread added: 0x00000226fb8af460
Event: 33.304 Thread 0x00000226fb8ad390 Thread added: 0x00000226fb8afaf0
Event: 33.347 Thread 0x00000226fb8afaf0 Thread added: 0x00000226fb8b0180
Event: 33.347 Thread 0x00000226fb8afaf0 Thread added: 0x00000226f559d900
Event: 33.755 Thread 0x00000226fda05a70 Thread exited: 0x00000226fda05a70
Event: 33.836 Thread 0x00000226f3ed0140 Thread added: 0x00000226fda05a70
Event: 33.902 Thread 0x00000226f3ed0140 Thread added: 0x00000226fc29ec60
Event: 34.328 Thread 0x00000226fc29ec60 Thread exited: 0x00000226fc29ec60
Event: 34.346 Thread 0x00000226fb8ad390 Thread added: 0x00000226f559b1a0
Event: 34.457 Thread 0x00000226f559b1a0 Thread added: 0x00000226f559df90
Event: 34.458 Thread 0x00000226f559b1a0 Thread added: 0x00000226f559ab10
Event: 34.466 Thread 0x00000226f559df90 Thread exited: 0x00000226f559df90
Event: 35.025 Thread 0x00000226fda05a70 Thread exited: 0x00000226fda05a70
Event: 40.620 Thread 0x00000226f559b1a0 Thread exited: 0x00000226f559b1a0
Event: 40.620 Thread 0x00000226f559ab10 Thread exited: 0x00000226f559ab10


Dynamic libraries:
0x00007ff60da20000 - 0x00007ff60da2e000 	c:\Users\suear\.vscode\extensions\redhat.java-1.56.0-win32-x64\jre\21.0.12.1-win32-x86_64\bin\java.exe
0x00007fff76840000 - 0x00007fff76aa7000 	C:\WINDOWS\SYSTEM32\ntdll.dll
0x00007fff75700000 - 0x00007fff757cb000 	C:\WINDOWS\System32\KERNEL32.DLL
0x00007fff73d40000 - 0x00007fff74142000 	C:\WINDOWS\System32\KERNELBASE.dll
0x00007fff73a40000 - 0x00007fff73b8c000 	C:\WINDOWS\System32\ucrtbase.dll
0x00007fff4a550000 - 0x00007fff4a568000 	c:\Users\suear\.vscode\extensions\redhat.java-1.56.0-win32-x64\jre\21.0.12.1-win32-x86_64\bin\jli.dll
0x00007fff76620000 - 0x00007fff767ef000 	C:\WINDOWS\System32\USER32.dll
0x00007fff73d10000 - 0x00007fff73d37000 	C:\WINDOWS\System32\win32u.dll
0x00007fff74b70000 - 0x00007fff74b9b000 	C:\WINDOWS\System32\GDI32.dll
0x00007fff74370000 - 0x00007fff74499000 	C:\WINDOWS\System32\gdi32full.dll
0x00007fff73c60000 - 0x00007fff73d03000 	C:\WINDOWS\System32\msvcp_win.dll
0x00007fff49cb0000 - 0x00007fff49cce000 	c:\Users\suear\.vscode\extensions\redhat.java-1.56.0-win32-x64\jre\21.0.12.1-win32-x86_64\bin\VCRUNTIME140.dll
0x00007fff60b50000 - 0x00007fff60de0000 	C:\WINDOWS\WinSxS\amd64_microsoft.windows.common-controls_6595b64144ccf1df_6.0.26100.9278_none_3e0d1ba8e3303201\COMCTL32.dll
0x00007fff76570000 - 0x00007fff76619000 	C:\WINDOWS\System32\msvcrt.dll
0x00007fff74c20000 - 0x00007fff74c51000 	C:\WINDOWS\System32\IMM32.DLL
0x00007fff43760000 - 0x00007fff4387a000 	C:\Program Files\Topaz OFD\Warsaw\wslbscr64.dll
0x00007fff74560000 - 0x00007fff7461c000 	C:\WINDOWS\System32\ADVAPI32.dll
0x00007fff74630000 - 0x00007fff746d9000 	C:\WINDOWS\System32\sechost.dll
0x00007fff75a10000 - 0x00007fff75b28000 	C:\WINDOWS\System32\RPCRT4.dll
0x00007fff75dd0000 - 0x00007fff76568000 	C:\WINDOWS\System32\SHELL32.dll
0x00007fff72840000 - 0x00007fff72876000 	C:\WINDOWS\SYSTEM32\ntmarta.dll
0x00007fff43890000 - 0x00007fff4398a000 	C:\Program Files\Topaz OFD\Warsaw\wslbscrwh64.dll
0x00007fff71180000 - 0x00007fff7118c000 	c:\Users\suear\.vscode\extensions\redhat.java-1.56.0-win32-x64\jre\21.0.12.1-win32-x86_64\bin\vcruntime140_1.dll
0x00007ffefcaf0000 - 0x00007ffefcb7d000 	c:\Users\suear\.vscode\extensions\redhat.java-1.56.0-win32-x64\jre\21.0.12.1-win32-x86_64\bin\msvcp140.dll
0x00007ffe8ff20000 - 0x00007ffe90cc2000 	c:\Users\suear\.vscode\extensions\redhat.java-1.56.0-win32-x64\jre\21.0.12.1-win32-x86_64\bin\server\jvm.dll
0x00007fff74ff0000 - 0x00007fff75070000 	C:\WINDOWS\System32\WS2_32.dll
0x00007fff738a0000 - 0x00007fff738fe000 	C:\WINDOWS\SYSTEM32\POWRPROF.dll
0x00007fff70e90000 - 0x00007fff70ec6000 	C:\WINDOWS\SYSTEM32\WINMM.dll
0x00007fff6b640000 - 0x00007fff6b64b000 	C:\WINDOWS\SYSTEM32\VERSION.dll
0x00007fff73880000 - 0x00007fff73895000 	C:\WINDOWS\SYSTEM32\UMPDC.dll
0x00007fff72710000 - 0x00007fff7272b000 	C:\WINDOWS\SYSTEM32\kernel.appcore.dll
0x00007fff70f30000 - 0x00007fff70f3a000 	c:\Users\suear\.vscode\extensions\redhat.java-1.56.0-win32-x64\jre\21.0.12.1-win32-x86_64\bin\jimage.dll
0x00007fff70b60000 - 0x00007fff70dac000 	C:\WINDOWS\SYSTEM32\DBGHELP.DLL
0x00007fff74c60000 - 0x00007fff74fe5000 	C:\WINDOWS\System32\combase.dll
0x00007fff75920000 - 0x00007fff759f9000 	C:\WINDOWS\System32\OLEAUT32.dll
0x00007fff70e50000 - 0x00007fff70e8b000 	C:\WINDOWS\SYSTEM32\dbgcore.DLL
0x00007fff744a0000 - 0x00007fff7454c000 	C:\WINDOWS\System32\bcryptPrimitives.dll
0x00007fff632d0000 - 0x00007fff632df000 	c:\Users\suear\.vscode\extensions\redhat.java-1.56.0-win32-x64\jre\21.0.12.1-win32-x86_64\bin\instrument.dll
0x00007fff483d0000 - 0x00007fff483f0000 	c:\Users\suear\.vscode\extensions\redhat.java-1.56.0-win32-x64\jre\21.0.12.1-win32-x86_64\bin\java.dll
0x00007fff71480000 - 0x00007fff71d2e000 	C:\WINDOWS\SYSTEM32\windows.storage.dll
0x00007fff75420000 - 0x00007fff7551b000 	C:\WINDOWS\System32\SHCORE.dll
0x00007fff75080000 - 0x00007fff750e6000 	C:\WINDOWS\System32\shlwapi.dll
0x00007fff73960000 - 0x00007fff73989000 	C:\WINDOWS\SYSTEM32\profapi.dll
0x00007fff48250000 - 0x00007fff48268000 	c:\Users\suear\.vscode\extensions\redhat.java-1.56.0-win32-x64\jre\21.0.12.1-win32-x86_64\bin\zip.dll
0x00007fff63310000 - 0x00007fff63320000 	C:\Users\suear\.vscode\extensions\redhat.java-1.56.0-win32-x64\jre\21.0.12.1-win32-x86_64\bin\net.dll
0x00007fff6bea0000 - 0x00007fff6bfca000 	C:\WINDOWS\SYSTEM32\WINHTTP.dll
0x00007fff72cd0000 - 0x00007fff72d3c000 	C:\WINDOWS\system32\mswsock.dll
0x00007fff48130000 - 0x00007fff48146000 	C:\Users\suear\.vscode\extensions\redhat.java-1.56.0-win32-x64\jre\21.0.12.1-win32-x86_64\bin\nio.dll
0x00007fff60e20000 - 0x00007fff60e30000 	c:\Users\suear\.vscode\extensions\redhat.java-1.56.0-win32-x64\jre\21.0.12.1-win32-x86_64\bin\verify.dll
0x00007fff40750000 - 0x00007fff40795000 	C:\Users\suear\AppData\Roaming\Code\User\globalStorage\redhat.java\1.56.0\config_win\org.eclipse.equinox.launcher\org.eclipse.equinox.launcher.win32.win32.x86_64_1.3.100.v20260804-1928\eclipse_11924.dll
0x00007fff75250000 - 0x00007fff753ea000 	C:\WINDOWS\System32\ole32.dll
0x00007fff72fc0000 - 0x00007fff72fdb000 	C:\WINDOWS\SYSTEM32\CRYPTSP.dll
0x00007fff72670000 - 0x00007fff726a9000 	C:\WINDOWS\system32\rsaenh.dll
0x00007fff72d80000 - 0x00007fff72db4000 	C:\WINDOWS\SYSTEM32\USERENV.dll
0x00007fff73930000 - 0x00007fff7395a000 	C:\WINDOWS\SYSTEM32\bcrypt.dll
0x00007fff72fe0000 - 0x00007fff72fec000 	C:\WINDOWS\SYSTEM32\CRYPTBASE.dll
0x00007fff72210000 - 0x00007fff72243000 	C:\WINDOWS\SYSTEM32\IPHLPAPI.DLL
0x00007fff75a00000 - 0x00007fff75a0a000 	C:\WINDOWS\System32\NSI.dll
0x00007fff5cb30000 - 0x00007fff5cb79000 	C:\Users\suear\AppData\Local\Temp\jna-109790644\jna3549192280641008088.dll
0x00007fff757d0000 - 0x00007fff757d8000 	C:\WINDOWS\System32\PSAPI.DLL
0x00007fff6c5a0000 - 0x00007fff6c5bd000 	C:\WINDOWS\SYSTEM32\dhcpcsvc6.DLL
0x00007fff6c570000 - 0x00007fff6c595000 	C:\WINDOWS\SYSTEM32\dhcpcsvc.DLL
0x00007fff483f0000 - 0x00007fff48417000 	C:\Users\suear\.gradle\native\660c5614fbf4a5f2a75b1949f50a0caf5cd603558e7d8a26e50b933a0cfb79d1\windows-amd64\native-platform.dll
0x00007fff60860000 - 0x00007fff6086a000 	C:\Users\suear\.vscode\extensions\redhat.java-1.56.0-win32-x64\jre\21.0.12.1-win32-x86_64\bin\management.dll
0x00007fff5e2c0000 - 0x00007fff5e2cc000 	C:\Users\suear\.vscode\extensions\redhat.java-1.56.0-win32-x64\jre\21.0.12.1-win32-x86_64\bin\management_ext.dll
0x00007fff5e100000 - 0x00007fff5e109000 	C:\Users\suear\.vscode\extensions\redhat.java-1.56.0-win32-x64\jre\21.0.12.1-win32-x86_64\bin\extnet.dll
0x00007fff5df80000 - 0x00007fff5df8e000 	C:\Users\suear\.vscode\extensions\redhat.java-1.56.0-win32-x64\jre\21.0.12.1-win32-x86_64\bin\sunmscapi.dll
0x00007fff741e0000 - 0x00007fff7435e000 	C:\WINDOWS\System32\CRYPT32.dll
0x00007fff73200000 - 0x00007fff73230000 	C:\WINDOWS\SYSTEM32\ncrypt.dll
0x00007fff731b0000 - 0x00007fff731ef000 	C:\WINDOWS\SYSTEM32\NTASN1.dll
0x00007fff63280000 - 0x00007fff63288000 	C:\WINDOWS\system32\wshunix.dll

JVMTI agents:
c:\Users\suear\.vscode\extensions\redhat.java-1.56.0-win32-x64\lombok\lombok-1.18.39-4050.jar path:c:\Users\suear\.vscode\extensions\redhat.java-1.56.0-win32-x64\jre\21.0.12.1-win32-x86_64\bin\instrument.dll, loaded, initialized, instrumentlib options:none

dbghelp: loaded successfully - version: 4.0.5 - missing functions: none
symbol engine: initialized successfully - sym options: 0x614 - pdb path: .;c:\Users\suear\.vscode\extensions\redhat.java-1.56.0-win32-x64\jre\21.0.12.1-win32-x86_64\bin;C:\WINDOWS\SYSTEM32;C:\WINDOWS\WinSxS\amd64_microsoft.windows.common-controls_6595b64144ccf1df_6.0.26100.9278_none_3e0d1ba8e3303201;C:\Program Files\Topaz OFD\Warsaw;c:\Users\suear\.vscode\extensions\redhat.java-1.56.0-win32-x64\jre\21.0.12.1-win32-x86_64\bin\server;C:\Users\suear\AppData\Roaming\Code\User\globalStorage\redhat.java\1.56.0\config_win\org.eclipse.equinox.launcher\org.eclipse.equinox.launcher.win32.win32.x86_64_1.3.100.v20260804-1928;C:\Users\suear\AppData\Local\Temp\jna-109790644;C:\Users\suear\.gradle\native\660c5614fbf4a5f2a75b1949f50a0caf5cd603558e7d8a26e50b933a0cfb79d1\windows-amd64

VM Arguments:
jvm_args: --add-modules=ALL-SYSTEM --add-opens=java.base/java.util=ALL-UNNAMED --add-opens=java.base/java.lang=ALL-UNNAMED --add-opens=java.base/sun.nio.fs=ALL-UNNAMED -Declipse.application=org.eclipse.jdt.ls.core.id1 -Dosgi.bundles.defaultStartLevel=4 -Declipse.product=org.eclipse.jdt.ls.core.product -Djava.import.generatesMetadataFilesAtProjectRoot=false -Dm2e.project.cache.size=50 -DDetectVMInstallationsJob.disabled=true -Dfile.encoding=utf8 -XX:+UseParallelGC -XX:GCTimeRatio=4 -XX:AdaptiveSizePolicyWeight=90 -Dsun.zip.disableMemoryMapping=true -Xmx2G -Xms100m -Xlog:disable -javaagent:c:\Users\suear\.vscode\extensions\redhat.java-1.56.0-win32-x64\lombok\lombok-1.18.39-4050.jar -XX:+HeapDumpOnOutOfMemoryError -XX:HeapDumpPath=c:\Users\suear\AppData\Roaming\Code\User\workspaceStorage\1cb3008b04e7869570710aae6546fcfe\redhat.java -Daether.dependencyCollector.impl=bf 
java_command: c:\Users\suear\.vscode\extensions\redhat.java-1.56.0-win32-x64\server\plugins\org.eclipse.equinox.launcher_1.8.0.v20260804-1928.jar -configuration c:\Users\suear\AppData\Roaming\Code\User\globalStorage\redhat.java\1.56.0\config_win -data c:\Users\suear\AppData\Roaming\Code\User\workspaceStorage\1cb3008b04e7869570710aae6546fcfe\redhat.java\jdt_ws --stdio
java_class_path (initial): c:\Users\suear\.vscode\extensions\redhat.java-1.56.0-win32-x64\server\plugins\org.eclipse.equinox.launcher_1.8.0.v20260804-1928.jar
Launcher Type: SUN_STANDARD

[Global flags]
    uintx AdaptiveSizePolicyWeight                 = 90                                        {product} {command line}
     intx CICompilerCount                          = 4                                         {product} {ergonomic}
    uintx GCTimeRatio                              = 4                                         {product} {command line}
     bool HeapDumpOnOutOfMemoryError               = true                                   {manageable} {command line}
    ccstr HeapDumpPath                             = c:\Users\suear\AppData\Roaming\Code\User\workspaceStorage\1cb3008b04e7869570710aae6546fcfe\redhat.java         {manageable} {command line}
   size_t InitialHeapSize                          = 104857600                                 {product} {command line}
   size_t MaxHeapSize                              = 2147483648                                {product} {command line}
   size_t MaxNewSize                               = 715653120                                 {product} {ergonomic}
   size_t MinHeapDeltaBytes                        = 524288                                    {product} {ergonomic}
   size_t MinHeapSize                              = 104857600                                 {product} {command line}
   size_t NewSize                                  = 34603008                                  {product} {ergonomic}
    uintx NonNMethodCodeHeapSize                   = 5839372                                {pd product} {ergonomic}
    uintx NonProfiledCodeHeapSize                  = 122909434                              {pd product} {ergonomic}
   size_t OldSize                                  = 70254592                                  {product} {ergonomic}
    uintx ProfiledCodeHeapSize                     = 122909434                              {pd product} {ergonomic}
    uintx ReservedCodeCacheSize                    = 251658240                              {pd product} {ergonomic}
     bool SegmentedCodeCache                       = true                                      {product} {ergonomic}
   size_t SoftMaxHeapSize                          = 2147483648                             {manageable} {ergonomic}
     bool UseCompressedOops                        = true                           {product lp64_product} {ergonomic}
     bool UseLargePagesIndividualAllocation        = false                                  {pd product} {ergonomic}
     bool UseParallelGC                            = true                                      {product} {command line}

Logging:
Log output configuration:
 #0: stdout all=off uptime,level,tags foldmultilines=false
 #1: stderr all=off uptime,level,tags foldmultilines=false

Release file:
JAVA_VERSION="21.0.12.1" 
MODULES="java.base java.compiler java.datatransfer java.xml java.prefs java.desktop java.instrument java.logging java.management java.security.sasl java.naming java.rmi java.management.rmi java.net.http java.scripting java.security.jgss java.transaction.xa java.sql java.sql.rowset java.xml.crypto java.se java.smartcardio jdk.accessibility jdk.internal.jvmstat jdk.attach jdk.charsets jdk.internal.opt jdk.zipfs jdk.compiler jdk.crypto.ec jdk.crypto.cryptoki jdk.crypto.mscapi jdk.dynalink jdk.internal.ed jdk.editpad jdk.hotspot.agent jdk.httpserver jdk.internal.le jdk.internal.vm.ci jdk.internal.vm.compiler jdk.internal.vm.compiler.management jdk.jartool jdk.javadoc jdk.jcmd jdk.management jdk.management.agent jdk.jconsole jdk.jdeps jdk.jdwp.agent jdk.jdi jdk.jfr jdk.jshell jdk.jsobject jdk.jstatd jdk.localedata jdk.management.jfr jdk.naming.dns jdk.naming.rmi jdk.net jdk.nio.mapmode jdk.random jdk.sctp jdk.security.auth jdk.security.jgss jdk.unsupported jdk.unsupported.desktop jdk.xml.dom" 

Environment Variables:
JAVA_HOME=C:\Program Files\Java\jdk-23
PATH=C:\Program Files\Common Files\Oracle\Java\javapath;C:\WINDOWS\system32;C:\WINDOWS;C:\WINDOWS\System32\Wbem;C:\WINDOWS\System32\WindowsPowerShell\v1.0\;C:\WINDOWS\System32\OpenSSH\;C:\Program Files (x86)\HP\Common\HPDestPlgIn\;C:\Program Files\dotnet\;C:\Program Files (x86)\Microsoft SQL Server\150\Tools\Binn\;C:\Program Files\Microsoft SQL Server\150\Tools\Binn\;C:\Program Files\Microsoft SQL Server\150\DTS\Binn\;C:\Program Files\Microsoft SQL Server\Client SDK\ODBC\170\Tools\Binn\;C:\Program Files\Common Files\Autodesk Shared\;C:\Program Files\nodejs\;C:\Program Files\Git\cmd;C:\platform-tools;C:\Users\suear\AppData\Local\Programs\Python\Python312\Scripts\;C:\Users\suear\AppData\Local\Programs\Python\Python312\;C:\Users\suear\AppData\Local\Microsoft\WindowsApps;C:\Program Files (x86)\HP\Common\HPDestPlgIn\;C:\Users\suear\AppData\Local\Programs\Microsoft VS Code\bin;C:\Program Files\Java\jdk-23\bin;C:\Program Files\Azure Data Studio\bin;C:\Program Files\Azure Data Studio\bin;C:\Users\suear\AppData\Roaming\npm;C:\Users\suear\Downloads\flutter\flutter\bin
USERNAME=suear
OS=Windows_NT
PROCESSOR_IDENTIFIER=AMD64 Family 25 Model 80 Stepping 0, AuthenticAMD
TMP=C:\Users\suear\AppData\Local\Temp
TEMP=C:\Users\suear\AppData\Local\Temp




Periodic native trim disabled

---------------  S Y S T E M  ---------------

OS:
 Windows 11 , 64 bit Build 26100 (10.0.26100.9444)
OS uptime: 0 days 3:29 hours
Hyper-V role detected

CPU: total 12 (initial active 12) (12 cores per cpu, 2 threads per core) family 25 model 80 stepping 0 microcode 0xa500014, cx8, cmov, fxsr, ht, mmx, 3dnowpref, sse, sse2, sse3, ssse3, sse4a, sse4.1, sse4.2, popcnt, lzcnt, tsc, tscinvbit, avx, avx2, aes, erms, clmul, bmi1, bmi2, adx, sha, fma, vzeroupper, clflush, clflushopt, hv, rdtscp, rdpid, fsrm, f16c, cet_ss
Processor Information for the first 12 processors :
  Max Mhz: 2301, Current Mhz: 1904, Mhz Limit: 2301

Memory: 4k page, system-wide physical 15150M (2184M free)
TotalPageFile size 17939M (AvailPageFile size 6M)
current process WorkingSet (physical memory assigned to process): 251M, peak: 282M
current process commit charge ("private bytes"): 354M, peak: 388M

vm_info: OpenJDK 64-Bit Server VM (21.0.12.1+1-LTS) for windows-amd64 JRE (21.0.12.1+1-LTS), built on 2026-08-18T00:00:00Z by "admin" with MS VC++ 17.12 (VS2022)

END.
